// Jest Snapshot v1, https://goo.gl/fbAQLP

exports[`Overlay Should render without crashing 1`] = `
<div>
  <div
    class="overlay"
  />
</div>
`;
