// Jest Snapshot v1, https://goo.gl/fbAQLP

exports[`Mask Should render without crashing 1`] = `
<div>
  <span
    class="mask "
  />
</div>
`;
